MPLINK 5.02, LINKER
Linker Map File - Created Sun Jun  8 23:19:39 2014

                                 Section Info
                  Section       Type    Address   Location Size(Bytes)
                ---------  ---------  ---------  ---------  ---------
                   .org_0       code   0x000000    program   0x00014e
                   .cinit    romdata   0x0000a7    program   0x000004
                MAIN_PROG       code   0x0000a9    program   0x0000b0
.config_2007_BUILD/DEFAULT/PRODUCTION/MAIN.O       code   0x002007    program   0x000002



                              Program Memory Usage 
                               Start         End      
                           ---------   ---------      
                            0x000000    0x000100      
                            0x002007    0x002007      
            258 out of 8454 program addresses used, program memory utilization is 3%



                              Symbols - Sorted by Name
                     Name    Address   Location    Storage File                     
                ---------  ---------  ---------  --------- ---------                
                  EEWRITE   0x000001    program     static /home/hbb/MPLABXProjects/i2c.X/main.asm
                   RXPOLL   0x000025    program     static /home/hbb/MPLABXProjects/i2c.X/main.asm
                    START   0x0000a9    program     static /home/hbb/MPLABXProjects/i2c.X/main.asm
                   TXPOLL   0x000019    program     static /home/hbb/MPLABXProjects/i2c.X/main.asm
             TXPOLL_DUMMY   0x000021    program     static /home/hbb/MPLABXProjects/i2c.X/main.asm
                    WAIT1   0x00000f    program     static /home/hbb/MPLABXProjects/i2c.X/main.asm
             _.org_0_0036   0x000036    program     static /home/hbb/MPLABXProjects/i2c.X/main.asm
             _.org_0_003F   0x00003f    program     static /home/hbb/MPLABXProjects/i2c.X/main.asm
             _.org_0_0048   0x000048    program     static /home/hbb/MPLABXProjects/i2c.X/main.asm
             _.org_0_0052   0x000052    program     static /home/hbb/MPLABXProjects/i2c.X/main.asm
             _.org_0_005C   0x00005c    program     static /home/hbb/MPLABXProjects/i2c.X/main.asm
             _.org_0_0065   0x000065    program     static /home/hbb/MPLABXProjects/i2c.X/main.asm
             _.org_0_0076   0x000076    program     static /home/hbb/MPLABXProjects/i2c.X/main.asm
             _.org_0_0089   0x000089    program     static /home/hbb/MPLABXProjects/i2c.X/main.asm
             _.org_0_009F   0x00009f    program     static /home/hbb/MPLABXProjects/i2c.X/main.asm
          _MAIN_PROG_0057   0x000100    program     static /home/hbb/MPLABXProjects/i2c.X/main.asm
send_address_and_register   0x00002d    program     static /home/hbb/MPLABXProjects/i2c.X/main.asm



                              Symbols - Sorted by Address
                     Name    Address   Location    Storage File                     
                ---------  ---------  ---------  --------- ---------                
                  EEWRITE   0x000001    program     static /home/hbb/MPLABXProjects/i2c.X/main.asm
                    WAIT1   0x00000f    program     static /home/hbb/MPLABXProjects/i2c.X/main.asm
                   TXPOLL   0x000019    program     static /home/hbb/MPLABXProjects/i2c.X/main.asm
             TXPOLL_DUMMY   0x000021    program     static /home/hbb/MPLABXProjects/i2c.X/main.asm
                   RXPOLL   0x000025    program     static /home/hbb/MPLABXProjects/i2c.X/main.asm
send_address_and_register   0x00002d    program     static /home/hbb/MPLABXProjects/i2c.X/main.asm
             _.org_0_0036   0x000036    program     static /home/hbb/MPLABXProjects/i2c.X/main.asm
             _.org_0_003F   0x00003f    program     static /home/hbb/MPLABXProjects/i2c.X/main.asm
             _.org_0_0048   0x000048    program     static /home/hbb/MPLABXProjects/i2c.X/main.asm
             _.org_0_0052   0x000052    program     static /home/hbb/MPLABXProjects/i2c.X/main.asm
             _.org_0_005C   0x00005c    program     static /home/hbb/MPLABXProjects/i2c.X/main.asm
             _.org_0_0065   0x000065    program     static /home/hbb/MPLABXProjects/i2c.X/main.asm
             _.org_0_0076   0x000076    program     static /home/hbb/MPLABXProjects/i2c.X/main.asm
             _.org_0_0089   0x000089    program     static /home/hbb/MPLABXProjects/i2c.X/main.asm
             _.org_0_009F   0x00009f    program     static /home/hbb/MPLABXProjects/i2c.X/main.asm
                    START   0x0000a9    program     static /home/hbb/MPLABXProjects/i2c.X/main.asm
          _MAIN_PROG_0057   0x000100    program     static /home/hbb/MPLABXProjects/i2c.X/main.asm


